             VMA              LMA     Size Align Out     In      Symbol
             270              270       98     4 .note.android.ident
             270              270       98     4         /home/mmj/Android/Sdk/ndk/26.1.10909125/toolchains/llvm/prebuilt/linux-x86_64/bin/../sysroot/usr/lib/aarch64-linux-android/25/crtbegin_so.o:(.note.android.ident)
             270              270       98     1                 note_android_ident
             270              270        0     1                 $d.0
             27c              27c        0     1                 note_name
             284              284        0     1                 note_data
             288              288        0     1                 ndk_version
             2c8              2c8        0     1                 ndk_build_number
             308              308        0     1                 note_end
             308              308      ac8     8 .dynsym
             308              308      ac8     8         <internal>:(.dynsym)
             dd0              dd0       e6     2 .gnu.version
             dd0              dd0       e6     2         <internal>:(.gnu.version)
             eb8              eb8       40     4 .gnu.version_r
             eb8              eb8       40     4         <internal>:(.gnu.version_r)
             ef8              ef8       20     8 .gnu.hash
             ef8              ef8       20     8         <internal>:(.gnu.hash)
             f18              f18      70f     1 .dynstr
             f18              f18      70f     1         <internal>:(.dynstr)
            1628             1628      288     8 .rela.dyn
            1628             1628      288     8         <internal>:(.rela.dyn)
            18b0             18b0      a68     8 .rela.plt
            18b0             18b0      a68     8         <internal>:(.rela.plt)
            2320             2320     10e5    16 .rodata
            2320             2320        6     1         /tmp/test-b5cc01.o:(.rodata.handle_cmd)
            2320             2320        0     1                 $d.13
            2328             2328       20     8         <internal>:(.rodata)
            2350             2350       20    16         <internal>:(.rodata)
            2370             2370      8b6     1         <internal>:(.rodata)
            2c28             2c28       44     4         /tmp/test-b5cc01.o:(.rodata.config_attribute_list)
            2c28             2c28       44     1                 config_attribute_list
            2c28             2c28        0     1                 $d.95
            2c6c             2c6c        c     4         /tmp/test-b5cc01.o:(.rodata.context_attribute_list)
            2c6c             2c6c        c     1                 context_attribute_list
            2c6c             2c6c        0     1                 $d.97
            2c78             2c78      200     2         /tmp/test-b5cc01.o:(.rodata.RawdrawFontCharMap)
            2c78             2c78        0     1                 $d.102
            2c78             2c78      200     1                 RawdrawFontCharMap
            2e78             2e78      57d     1         /tmp/test-b5cc01.o:(.rodata.RawdrawFontCharData)
            2e78             2e78        0     1                 $d.103
            2e78             2e78      57d     1                 RawdrawFontCharData
            33f5             33f5       10     1         /tmp/android_native_app_glue-47c205.o:(.rodata.android_app_pre_exec_cmd)
            33f5             33f5        0     1                 $d.3
            3408             3408      1d4     4 .eh_frame_hdr
            3408             3408      1d4     4         <internal>:(.eh_frame_hdr)
            35e0             35e0      ad0     8 .eh_frame
            35e0             35e0       90     1         /home/mmj/Android/Sdk/ndk/26.1.10909125/toolchains/llvm/prebuilt/linux-x86_64/bin/../sysroot/usr/lib/aarch64-linux-android/25/crtbegin_so.o:(.eh_frame+0x0)
            3670             3670       cc     1         /tmp/test-b5cc01.o:(.eh_frame+0x28)
            373c             373c       48     1         /tmp/test-b5cc01.o:(.eh_frame+0x11c)
            3784             3784       7c     1         /tmp/test-b5cc01.o:(.eh_frame+0x178)
            3800             3800       f0     1         /tmp/test-b5cc01.o:(.eh_frame+0x21c)
            38f0             38f0       88     1         /tmp/test-b5cc01.o:(.eh_frame+0x4ec)
            3978             3978       54     1         /tmp/test-b5cc01.o:(.eh_frame+0x588)
            39cc             39cc       8c     1         /tmp/test-b5cc01.o:(.eh_frame+0x624)
            3a58             3a58       28     1         /tmp/test-b5cc01.o:(.eh_frame+0x7b8)
            3a80             3a80       f4     1         /tmp/test-b5cc01.o:(.eh_frame+0xb0c)
            3b74             3b74      104     1         /tmp/android_native_app_glue-47c205.o:(.eh_frame+0x14)
            3c78             3c78      280     1         /tmp/android_native_app_glue-47c205.o:(.eh_frame+0x12c)
            3ef8             3ef8      1b4     1         /tmp/android_native_app_glue-47c205.o:(.eh_frame+0x3d4)
            50b0             50b0     292c     4 .text
            50b0             50b0       60     4         /home/mmj/Android/Sdk/ndk/26.1.10909125/toolchains/llvm/prebuilt/linux-x86_64/bin/../sysroot/usr/lib/aarch64-linux-android/25/crtbegin_so.o:(.text)
            50b0             50b0       10     1                 __on_dlclose
            50b0             50b0        0     1                 $x.1
            50c0             50c0        8     1                 __emutls_unregister_key
            50c8             50c8        8     1                 __on_dlclose_late
            50d0             50d0       14     1                 __atexit_handler_wrapper
            50e4             50e4       1c     1                 atexit
            5100             5100       10     1                 pthread_atfork
            5110             5110       f4     4         /tmp/test-b5cc01.o:(.text.CNFGSwapBuffers)
            5110             5110        0     1                 $x.1
            5110             5110       f4     1                 CNFGSwapBuffers
            5204             5204       8c     4         /tmp/test-b5cc01.o:(.text.CNFGInternalResize)
            5204             5204        0     1                 $x.2
            5204             5204       8c     1                 CNFGInternalResize
            5290             5290       50     4         /tmp/test-b5cc01.o:(.text.CNFGGetDimensions)
            5290             5290        0     1                 $x.3
            5290             5290       50     1                 CNFGGetDimensions
            52e0             52e0      35c     4         /tmp/test-b5cc01.o:(.text.CNFGSetup)
            52e0             52e0        0     1                 $x.4
            52e0             52e0      35c     1                 CNFGSetup
            563c             563c      204     4         /tmp/test-b5cc01.o:(.text.handle_input)
            563c             563c        0     1                 $x.6
            563c             563c      204     1                 handle_input
            5840             5840       b8     4         /tmp/test-b5cc01.o:(.text.HandleMotion)
            5840             5840        0     1                 $x.8
            5840             5840       b8     1                 HandleMotion
            58f8             58f8      118     4         /tmp/test-b5cc01.o:(.text.AndroidGetUnicodeChar)
            58f8             58f8        0     1                 $x.9
            58f8             58f8      118     1                 AndroidGetUnicodeChar
            5a10             5a10       70     4         /tmp/test-b5cc01.o:(.text.CNFGHandleInput)
            5a10             5a10        0     1                 $x.11
            5a10             5a10       70     1                 CNFGHandleInput
            5a80             5a80      154     4         /tmp/test-b5cc01.o:(.text.handle_cmd)
            5a80             5a80        0     1                 $x.12
            5a80             5a80      154     1                 handle_cmd
            5bd4             5bd4       78     4         /tmp/test-b5cc01.o:(.text.android_main)
            5bd4             5bd4        0     1                 $x.14
            5bd4             5bd4       78     1                 android_main
            5c4c             5c4c      310     4         /tmp/test-b5cc01.o:(.text.main)
            5c4c             5c4c        0     1                 $x.15
            5c4c             5c4c      310     1                 main
            5f5c             5f5c       a8     4         /tmp/test-b5cc01.o:(.text.CNFGTackSegment)
            5f5c             5f5c        0     1                 $x.25
            5f5c             5f5c       a8     1                 CNFGTackSegment
            6004             6004      170     4         /tmp/test-b5cc01.o:(.text.CNFGDrawText)
            6004             6004        0     1                 $x.26
            6004             6004      170     1                 CNFGDrawText
            6174             6174       4c     4         /tmp/test-b5cc01.o:(.text.CNFGTackPixel)
            6174             6174        0     1                 $x.27
            6174             6174       4c     1                 CNFGTackPixel
            61c0             61c0       d4     4         /tmp/test-b5cc01.o:(.text.EmitQuad)
            61c0             61c0       d4     1                 EmitQuad
            61c0             61c0        0     1                 $x.29
            6294             6294      244     4         /tmp/test-b5cc01.o:(.text.CNFGGLInternalLoadShader)
            6294             6294        0     1                 $x.32
            6294             6294      244     1                 CNFGGLInternalLoadShader
            64d8             64d8      104     4         /tmp/test-b5cc01.o:(.text.CNFGSetupBatchInternal)
            64d8             64d8        0     1                 $x.33
            64d8             64d8      104     1                 CNFGSetupBatchInternal
            65dc             65dc       b8     4         /tmp/test-b5cc01.o:(.text.CNFGEmitBackendTriangles)
            65dc             65dc        0     1                 $x.34
            65dc             65dc       b8     1                 CNFGEmitBackendTriangles
            6694             6694       60     4         /tmp/test-b5cc01.o:(.text.CNFGClearFrame)
            6694             6694        0     1                 $x.41
            6694             6694       60     1                 CNFGClearFrame
            66f4             66f4       d4     4         /tmp/test-b5cc01.o:(.text.levelParser)
            66f4             66f4        0     1                 $x.72
            66f4             66f4       d4     1                 levelParser
            67c8             67c8       b8     4         /tmp/test-b5cc01.o:(.text.curLevel)
            67c8             67c8        0     1                 $x.73
            67c8             67c8       b8     1                 curLevel
            6880             6880       78     4         /tmp/test-b5cc01.o:(.text.genRan)
            6880             6880        0     1                 $x.74
            6880             6880       78     1                 genRan
            68f8             68f8      394     4         /tmp/test-b5cc01.o:(.text.motionCheck)
            68f8             68f8        0     1                 $x.75
            68f8             68f8      394     1                 motionCheck
            6c8c             6c8c       60     4         /tmp/android_native_app_glue-47c205.o:(.text.android_app_read_cmd)
            6c8c             6c8c        0     1                 $x.0
            6c8c             6c8c       60     1                 android_app_read_cmd
            6cec             6cec       3c     4         /tmp/android_native_app_glue-47c205.o:(.text.free_saved_state)
            6cec             6cec       3c     1                 free_saved_state
            6cec             6cec        0     1                 $x.1
            6d28             6d28      168     4         /tmp/android_native_app_glue-47c205.o:(.text.android_app_pre_exec_cmd)
            6d28             6d28        0     1                 $x.2
            6d28             6d28      168     1                 android_app_pre_exec_cmd
            6e90             6e90       a8     4         /tmp/android_native_app_glue-47c205.o:(.text.android_app_post_exec_cmd)
            6e90             6e90        0     1                 $x.4
            6e90             6e90       a8     1                 android_app_post_exec_cmd
            6f38             6f38      294     4         /tmp/android_native_app_glue-47c205.o:(.text.ANativeActivity_onCreate)
            6f38             6f38        0     1                 $x.6
            6f38             6f38      294     1                 ANativeActivity_onCreate
            71cc             71cc       9c     4         /tmp/android_native_app_glue-47c205.o:(.text.onDestroy)
            71cc             71cc       9c     1                 onDestroy
            71cc             71cc        0     1                 $x.7
            7268             7268       34     4         /tmp/android_native_app_glue-47c205.o:(.text.onStart)
            7268             7268       34     1                 onStart
            7268             7268        0     1                 $x.8
            729c             729c       34     4         /tmp/android_native_app_glue-47c205.o:(.text.onResume)
            729c             729c       34     1                 onResume
            729c             729c        0     1                 $x.9
            72d0             72d0       98     4         /tmp/android_native_app_glue-47c205.o:(.text.onSaveInstanceState)
            72d0             72d0       98     1                 onSaveInstanceState
            72d0             72d0        0     1                 $x.10
            7368             7368       34     4         /tmp/android_native_app_glue-47c205.o:(.text.onPause)
            7368             7368       34     1                 onPause
            7368             7368        0     1                 $x.11
            739c             739c       34     4         /tmp/android_native_app_glue-47c205.o:(.text.onStop)
            739c             739c       34     1                 onStop
            739c             739c        0     1                 $x.12
            73d0             73d0       34     4         /tmp/android_native_app_glue-47c205.o:(.text.onConfigurationChanged)
            73d0             73d0       34     1                 onConfigurationChanged
            73d0             73d0        0     1                 $x.13
            7404             7404       34     4         /tmp/android_native_app_glue-47c205.o:(.text.onLowMemory)
            7404             7404       34     1                 onLowMemory
            7404             7404        0     1                 $x.14
            7438             7438       44     4         /tmp/android_native_app_glue-47c205.o:(.text.onWindowFocusChanged)
            7438             7438       44     1                 onWindowFocusChanged
            7438             7438        0     1                 $x.15
            747c             747c       3c     4         /tmp/android_native_app_glue-47c205.o:(.text.onNativeWindowCreated)
            747c             747c       3c     1                 onNativeWindowCreated
            747c             747c        0     1                 $x.16
            74b8             74b8       38     4         /tmp/android_native_app_glue-47c205.o:(.text.onNativeWindowDestroyed)
            74b8             74b8       38     1                 onNativeWindowDestroyed
            74b8             74b8        0     1                 $x.17
            74f0             74f0       3c     4         /tmp/android_native_app_glue-47c205.o:(.text.onInputQueueCreated)
            74f0             74f0       3c     1                 onInputQueueCreated
            74f0             74f0        0     1                 $x.18
            752c             752c       38     4         /tmp/android_native_app_glue-47c205.o:(.text.onInputQueueDestroyed)
            752c             752c       38     1                 onInputQueueDestroyed
            752c             752c        0     1                 $x.19
            7564             7564       14     4         /tmp/android_native_app_glue-47c205.o:(.text.onNativeWindowRedrawNeeded)
            7564             7564       14     1                 onNativeWindowRedrawNeeded
            7564             7564        0     1                 $x.20
            7578             7578       58     4         /tmp/android_native_app_glue-47c205.o:(.text.android_app_write_cmd)
            7578             7578       58     1                 android_app_write_cmd
            7578             7578        0     1                 $x.22
            75d0             75d0       70     4         /tmp/android_native_app_glue-47c205.o:(.text.android_app_set_activity_state)
            75d0             75d0       70     1                 android_app_set_activity_state
            75d0             75d0        0     1                 $x.23
            7640             7640       98     4         /tmp/android_native_app_glue-47c205.o:(.text.android_app_set_window)
            7640             7640       98     1                 android_app_set_window
            7640             7640        0     1                 $x.24
            76d8             76d8       78     4         /tmp/android_native_app_glue-47c205.o:(.text.android_app_set_input)
            76d8             76d8       78     1                 android_app_set_input
            76d8             76d8        0     1                 $x.25
            7750             7750       90     4         /tmp/android_native_app_glue-47c205.o:(.text.debug_capture_thread_fn)
            7750             7750       90     1                 debug_capture_thread_fn
            7750             7750        0     1                 $x.26
            77e0             77e0       3c     4         /tmp/android_native_app_glue-47c205.o:(.text.process_ui)
            77e0             77e0       3c     1                 process_ui
            77e0             77e0        0     1                 $x.27
            781c             781c      100     4         /tmp/android_native_app_glue-47c205.o:(.text.android_app_entry)
            781c             781c      100     1                 android_app_entry
            781c             781c        0     1                 $x.28
            791c             791c       4c     4         /tmp/android_native_app_glue-47c205.o:(.text.process_cmd)
            791c             791c       4c     1                 process_cmd
            791c             791c        0     1                 $x.29
            7968             7968       74     4         /tmp/android_native_app_glue-47c205.o:(.text.process_input)
            7968             7968       74     1                 process_input
            7968             7968        0     1                 $x.30
            79e0             79e0      710    16 .plt
            79e0             79e0      710    16         <internal>:(.plt)
            90f0             90f0        8     8 .data.rel.ro
            90f0             90f0        8     8         /home/mmj/Android/Sdk/ndk/26.1.10909125/toolchains/llvm/prebuilt/linux-x86_64/bin/../sysroot/usr/lib/aarch64-linux-android/25/crtbegin_so.o:(.data.rel.ro)
            90f0             90f0        8     1                 __dso_handle_const
            90f0             90f0        0     1                 $d.2
            90f0             90f0        8     1                 __dso_handle
            90f8             90f8       10     8 .fini_array
            90f8             90f8        8     8         /home/mmj/Android/Sdk/ndk/26.1.10909125/toolchains/llvm/prebuilt/linux-x86_64/bin/../sysroot/usr/lib/aarch64-linux-android/25/crtbegin_so.o:(.fini_array.0)
            90f8             90f8        0     1                 $d.3
            9100             9100        8     8         /home/mmj/Android/Sdk/ndk/26.1.10909125/toolchains/llvm/prebuilt/linux-x86_64/bin/../sysroot/usr/lib/aarch64-linux-android/25/crtbegin_so.o:(.fini_array)
            9100             9100        0     1                 $d.4
            9108             9108      1d0     8 .dynamic
            9108             9108      1d0     8         <internal>:(.dynamic)
            92d8             92d8       18     8 .got
            92d8             92d8       18     8         <internal>:(.got)
            92f0             92f0      390     8 .got.plt
            92f0             92f0      390     8         <internal>:(.got.plt)
            a680             a680      10c     8 .data
            a680             a680        4     4         /tmp/test-b5cc01.o:(.data.window_attribute_list)
            a680             a680        4     1                 window_attribute_list
            a680             a680        0     1                 $d.99
            a684             a684        4     4         /tmp/test-b5cc01.o:(.data.wgl_last_width_over_2)
            a684             a684        4     1                 wgl_last_width_over_2
            a684             a684        0     1                 $d.108
            a688             a688        4     4         /tmp/test-b5cc01.o:(.data.gRDShaderProg)
            a688             a688        0     1                 $d.112
            a688             a688        4     1                 gRDShaderProg
            a68c             a68c        4     4         /tmp/test-b5cc01.o:(.data.gRDBlitProg)
            a68c             a68c        0     1                 $d.113
            a68c             a68c        4     1                 gRDBlitProg
            a690             a690        4     4         /tmp/test-b5cc01.o:(.data.gRDShaderProgUX)
            a690             a690        0     1                 $d.114
            a690             a690        4     1                 gRDShaderProgUX
            a694             a694        4     4         /tmp/test-b5cc01.o:(.data.gRDBlitProgUX)
            a694             a694        0     1                 $d.115
            a694             a694        4     1                 gRDBlitProgUX
            a698             a698        4     4         /tmp/test-b5cc01.o:(.data.gRDBlitProgUT)
            a698             a698        0     1                 $d.116
            a698             a698        4     1                 gRDBlitProgUT
            a69c             a69c        4     4         /tmp/test-b5cc01.o:(.data.gRDBlitProgTex)
            a69c             a69c        0     1                 $d.117
            a69c             a69c        4     1                 gRDBlitProgTex
            a6a0             a6a0        4     4         /tmp/test-b5cc01.o:(.data.level)
            a6a0             a6a0        0     1                 $d.140
            a6a0             a6a0        4     1                 level
            a6a8             a6a8       a8     8         /tmp/test-b5cc01.o:(.data.num)
            a6a8             a6a8        0     1                 $d.142
            a6a8             a6a8       a8     1                 num
            a750             a750       3c     4         /tmp/test-b5cc01.o:(.data.gamecolors)
            a750             a750        0     1                 $d.143
            a750             a750       3c     1                 gamecolors
            a790             a790    20508    16 .bss
            a790             a790        4     4         /tmp/test-b5cc01.o:(.bss.override_android_screen_dimensons)
            a790             a790        0     1                 $d.85
            a790             a790        4     1                 override_android_screen_dimensons
            a798             a798        8     8         /tmp/test-b5cc01.o:(.bss.egl_display)
            a798             a798        0     1                 $d.86
            a798             a798        8     1                 egl_display
            a7a0             a7a0        8     8         /tmp/test-b5cc01.o:(.bss.egl_surface)
            a7a0             a7a0        0     1                 $d.87
            a7a0             a7a0        8     1                 egl_surface
            a7a8             a7a8        8     8         /tmp/test-b5cc01.o:(.bss.native_window)
            a7a8             a7a8        0     1                 $d.88
            a7a8             a7a8        8     1                 native_window
            a7b0             a7b0        4     4         /tmp/test-b5cc01.o:(.bss.android_width)
            a7b0             a7b0        0     1                 $d.89
            a7b0             a7b0        4     1                 android_width
            a7b4             a7b4        4     4         /tmp/test-b5cc01.o:(.bss.android_height)
            a7b4             a7b4        0     1                 $d.90
            a7b4             a7b4        4     1                 android_height
            a7b8             a7b8        2     4         /tmp/test-b5cc01.o:(.bss.iLastInternalW)
            a7b8             a7b8        2     1                 iLastInternalW
            a7b8             a7b8        0     1                 $d.91
            a7bc             a7bc        2     4         /tmp/test-b5cc01.o:(.bss.iLastInternalH)
            a7bc             a7bc        2     1                 iLastInternalH
            a7bc             a7bc        0     1                 $d.92
            a7c0             a7c0        1     4         /tmp/test-b5cc01.o:(.bss.OGLESStarted)
            a7c0             a7c0        1     1                 OGLESStarted
            a7c0             a7c0        0     1                 $d.93
            a7c8             a7c8        8     8         /tmp/test-b5cc01.o:(.bss.egl_config)
            a7c8             a7c8        0     1                 $d.96
            a7c8             a7c8        8     1                 egl_config
            a7d0             a7d0        8     8         /tmp/test-b5cc01.o:(.bss.egl_context)
            a7d0             a7d0        0     1                 $d.98
            a7d0             a7d0        8     1                 egl_context
            a7d8             a7d8        8     8         /tmp/test-b5cc01.o:(.bss.HandleCustomEventCallback)
            a7d8             a7d8        0     1                 $d.100
            a7d8             a7d8        8     1                 HandleCustomEventCallback
            a7e0             a7e0        4     4         /tmp/test-b5cc01.o:(.bss.android_sdk_version)
            a7e0             a7e0        0     1                 $d.101
            a7e0             a7e0        4     1                 android_sdk_version
            a7e4             a7e4        4     4         /tmp/test-b5cc01.o:(.bss.CNFGLastColor)
            a7e4             a7e4        0     1                 $d.104
            a7e4             a7e4        4     1                 CNFGLastColor
            a7e8             a7e8        4     4         /tmp/test-b5cc01.o:(.bss.CNFGPenX)
            a7e8             a7e8        0     1                 $d.106
            a7e8             a7e8        4     1                 CNFGPenX
            a7ec             a7ec        4     4         /tmp/test-b5cc01.o:(.bss.CNFGPenY)
            a7ec             a7ec        0     1                 $d.107
            a7ec             a7ec        4     1                 CNFGPenY
            a7f0             a7f0        4     4         /tmp/test-b5cc01.o:(.bss.CNFGVertPlace)
            a7f0             a7f0        0     1                 $d.109
            a7f0             a7f0        4     1                 CNFGVertPlace
            a7f4             a7f4    18000     4         /tmp/test-b5cc01.o:(.bss.CNFGVertDataV)
            a7f4             a7f4        0     1                 $d.110
            a7f4             a7f4    18000     1                 CNFGVertDataV
           227f4            227f4     8000     4         /tmp/test-b5cc01.o:(.bss.CNFGVertDataC)
           227f4            227f4        0     1                 $d.111
           227f4            227f4     8000     1                 CNFGVertDataC
           2a7f4            2a7f4        4     4         /tmp/test-b5cc01.o:(.bss.gRDLastResizeW)
           2a7f4            2a7f4        0     1                 $d.118
           2a7f4            2a7f4        4     1                 gRDLastResizeW
           2a7f8            2a7f8        4     4         /tmp/test-b5cc01.o:(.bss.gRDLastResizeH)
           2a7f8            2a7f8        0     1                 $d.119
           2a7f8            2a7f8        4     1                 gRDLastResizeH
           2a7fc            2a7fc        4     4         /tmp/test-b5cc01.o:(.bss.CNFGBGColor)
           2a7fc            2a7fc        0     1                 $d.121
           2a7fc            2a7fc        4     1                 CNFGBGColor
           2a800            2a800        4     4         /tmp/test-b5cc01.o:(.bss.lastbuttonx)
           2a800            2a800        0     1                 $d.132
           2a800            2a800        4     1                 lastbuttonx
           2a804            2a804        4     4         /tmp/test-b5cc01.o:(.bss.lastbuttony)
           2a804            2a804        0     1                 $d.133
           2a804            2a804        4     1                 lastbuttony
           2a808            2a808        4     4         /tmp/test-b5cc01.o:(.bss.lastmotionx)
           2a808            2a808        0     1                 $d.134
           2a808            2a808        4     1                 lastmotionx
           2a80c            2a80c        4     4         /tmp/test-b5cc01.o:(.bss.lastmotiony)
           2a80c            2a80c        0     1                 $d.135
           2a80c            2a80c        4     1                 lastmotiony
           2a810            2a810        4     4         /tmp/test-b5cc01.o:(.bss.prevx)
           2a810            2a810        0     1                 $d.136
           2a810            2a810        4     1                 prevx
           2a814            2a814        4     4         /tmp/test-b5cc01.o:(.bss.prevy)
           2a814            2a814        0     1                 $d.137
           2a814            2a814        4     1                 prevy
           2a818            2a818        8     8         /tmp/test-b5cc01.o:(.bss.direc)
           2a818            2a818        0     1                 $d.138
           2a818            2a818        8     1                 direc
           2a820            2a820      400     4         /tmp/test-b5cc01.o:(.bss.gamestate)
           2a820            2a820        0     1                 $d.141
           2a820            2a820      400     1                 gamestate
           2ac20            2ac20        8     8         /tmp/test-b5cc01.o:(.bss.lfile)
           2ac20            2ac20        0     1                 $d.144
           2ac20            2ac20        8     1                 lfile
           2ac30            2ac30       20    16         /tmp/test-b5cc01.o:(.bss.lty)
           2ac30            2ac30        0     1                 $d.145
           2ac30            2ac30       20     1                 lty
           2ac50            2ac50        8     8         /tmp/test-b5cc01.o:(.bss.clevel)
           2ac50            2ac50        0     1                 $d.146
           2ac50            2ac50        8     1                 clevel
           2ac58            2ac58        4     4         /tmp/test-b5cc01.o:(.bss.lastbid)
           2ac58            2ac58        0     1                 $d.147
           2ac58            2ac58        4     1                 lastbid
           2ac5c            2ac5c        4     4         /tmp/test-b5cc01.o:(.bss.lastmask)
           2ac5c            2ac5c        0     1                 $d.148
           2ac5c            2ac5c        4     1                 lastmask
           2ac60            2ac60        4     4         /tmp/test-b5cc01.o:(.bss.lastkey)
           2ac60            2ac60        0     1                 $d.149
           2ac60            2ac60        4     1                 lastkey
           2ac64            2ac64        4     4         /tmp/test-b5cc01.o:(.bss.lastkeydown)
           2ac64            2ac64        0     1                 $d.150
           2ac64            2ac64        4     1                 lastkeydown
           2ac68            2ac68        8     1         /tmp/test-b5cc01.o:(.bss.buttonstate)
           2ac68            2ac68        0     1                 $d.151
           2ac68            2ac68        8     1                 buttonstate
           2ac70            2ac70        4     4         /tmp/test-b5cc01.o:(.bss.suspended)
           2ac70            2ac70        0     1                 $d.152
           2ac70            2ac70        4     1                 suspended
           2ac74            2ac74        2     4         /tmp/test-b5cc01.o:(.bss.screenx)
           2ac74            2ac74        0     1                 $d.153
           2ac74            2ac74        2     1                 screenx
           2ac78            2ac78        2     4         /tmp/test-b5cc01.o:(.bss.screeny)
           2ac78            2ac78        0     1                 $d.154
           2ac78            2ac78        2     1                 screeny
           2ac80            2ac80        8     8         /tmp/android_native_app_glue-47c205.o:(.bss.gapp)
           2ac80            2ac80        0     1                 $d.32
           2ac80            2ac80        8     1                 gapp
           2ac88            2ac88        8     8         /tmp/android_native_app_glue-47c205.o:(.bss.debug_capture_thread)
           2ac88            2ac88        0     1                 $d.33
           2ac88            2ac88        8     1                 debug_capture_thread
           2ac90            2ac90        8     4         /tmp/android_native_app_glue-47c205.o:(.bss.pfd)
           2ac90            2ac90        8     1                 pfd
           2ac90            2ac90        0     1                 $d.34
               0                0       cc     1 .comment
               0                0       cc     1         <internal>:(.comment)
               0                0       d8     1 .shstrtab
               0                0       d8     1         <internal>:(.shstrtab)
